// Jest Snapshot v1, https://goo.gl/fbAQLP

exports[`<Modal /> renders without crashing 1`] = `
<Modal
  animation={true}
  autoFocus={true}
  backdrop={true}
  dialogAs={
    Object {
      "$$typeof": Symbol(react.forward_ref),
      "render": [Function],
    }
  }
  enforceFocus={true}
  keyboard={true}
  onHide={[Function]}
  restoreFocus={true}
  show={true}
>
  <ModalHeader
    closeButton={true}
    closeLabel="Close"
  >
    <ModalTitle>
      funny gif
    </ModalTitle>
  </ModalHeader>
  <ModalBody>
    <img
      alt="funny gif"
      src=""
      style={
        Object {
          "width": "100%",
        }
      }
    />
  </ModalBody>
  <ModalFooter>
    <Button
      active={false}
      disabled={false}
      onClick={[Function]}
      variant="secondary"
    >
      Close
    </Button>
  </ModalFooter>
</Modal>
`;
